\BOOKMARK [0][-]{chapter*.1}{\376\377\000K\000A\000T\000A\000\040\000P\000E\000N\000G\000A\000N\000T\000A\000R}{}% 1
\BOOKMARK [0][-]{chapter.1}{\376\377\000P\000E\000N\000D\000A\000H\000U\000L\000U\000A\000N}{}% 2
\BOOKMARK [1][-]{section.1.1}{\376\377\000L\000a\000t\000a\000r\000\040\000B\000e\000l\000a\000k\000a\000n\000g}{chapter.1}% 3
\BOOKMARK [1][-]{section.1.2}{\376\377\000T\000u\000j\000u\000a\000n\000\040\000P\000e\000d\000o\000m\000a\000n}{chapter.1}% 4
\BOOKMARK [1][-]{section.1.3}{\376\377\000S\000a\000s\000a\000r\000a\000n\000\040\000P\000e\000n\000g\000g\000u\000n\000a}{chapter.1}% 5
\BOOKMARK [0][-]{chapter.2}{\376\377\000D\000A\000S\000A\000R\000\040\000T\000E\000O\000R\000I\000\040\000\046\000\040\000A\000R\000S\000I\000T\000E\000K\000T\000U\000R\000\040\000S\000I\000S\000T\000E\000M}{}% 6
\BOOKMARK [1][-]{section.2.1}{\376\377\000P\000e\000n\000g\000e\000r\000t\000i\000a\000n\000\040\000\046\000\040\000G\000a\000m\000b\000a\000r\000a\000n\000\040\000U\000m\000u\000m\000\040\000P\000l\000a\000t\000f\000o\000r\000m}{chapter.2}% 7
\BOOKMARK [1][-]{section.2.2}{\376\377\000K\000o\000m\000p\000o\000n\000e\000n\000\040\000U\000t\000a\000m\000a\000\040\000W\000e\000b\000s\000i\000t\000e\000\040\000P\000r\000o\000f\000i\000l\000\040\000K\000e\000l\000u\000r\000a\000h\000a\000n}{chapter.2}% 8
\BOOKMARK [1][-]{section.2.3}{\376\377\000P\000e\000m\000b\000a\000g\000i\000a\000n\000\040\000H\000a\000k\000\040\000A\000k\000s\000e\000s\000\040\000P\000e\000n\000g\000g\000u\000n\000a\000\040\000\050\000R\000o\000l\000e\000-\000B\000a\000s\000e\000d\000\040\000A\000c\000c\000e\000s\000s\000\040\000C\000o\000n\000t\000r\000o\000l\000\040\000/\000\040\000R\000B\000A\000C\000\051}{chapter.2}% 9
\BOOKMARK [0][-]{chapter.3}{\376\377\000P\000E\000R\000S\000Y\000A\000R\000A\000T\000A\000N\000\040\000\046\000\040\000K\000E\000B\000U\000T\000U\000H\000A\000N\000\040\000S\000I\000S\000T\000E\000M}{}% 10
\BOOKMARK [1][-]{section.3.1}{\376\377\000K\000e\000b\000u\000t\000u\000h\000a\000n\000\040\000P\000e\000r\000a\000n\000g\000k\000a\000t\000\040\000P\000e\000n\000g\000g\000u\000n\000a\000\040\000U\000m\000u\000m\000\040\000\050\000W\000a\000r\000g\000a\000\040\000K\000e\000l\000u\000r\000a\000h\000a\000n\000\040\000\046\000\040\000P\000e\000n\000g\000u\000n\000j\000u\000n\000g\000\051}{chapter.3}% 11
\BOOKMARK [1][-]{section.3.2}{\376\377\000K\000e\000b\000u\000t\000u\000h\000a\000n\000\040\000P\000e\000r\000a\000n\000g\000k\000a\000t\000\040\000P\000e\000n\000g\000e\000l\000o\000l\000a\000\040\000\050\000A\000d\000m\000i\000n\000i\000s\000t\000r\000a\000t\000o\000r\000\040\000\046\000\040\000E\000d\000i\000t\000o\000r\000\040\000K\000e\000l\000u\000r\000a\000h\000a\000n\000\051}{chapter.3}% 12
\BOOKMARK [1][-]{section.3.3}{\376\377\000A\000l\000u\000r\000\040\000A\000k\000s\000e\000s\000\040\000P\000l\000a\000t\000f\000o\000r\000m}{chapter.3}% 13
\BOOKMARK [2][-]{subsection.3.3.1}{\376\377\000A\000l\000u\000r\000\040\000A\000k\000s\000e\000s\000\040\000P\000u\000b\000l\000i\000k}{section.3.3}% 14
\BOOKMARK [2][-]{subsection.3.3.2}{\376\377\000A\000l\000u\000r\000\040\000D\000a\000s\000h\000b\000o\000a\000r\000d\000\040\000W\000a\000r\000g\000a}{section.3.3}% 15
\BOOKMARK [2][-]{subsection.3.3.3}{\376\377\000A\000l\000u\000r\000\040\000D\000a\000s\000h\000b\000o\000a\000r\000d\000\040\000A\000d\000m\000i\000n\000i\000s\000t\000r\000a\000t\000o\000r\000\040\000\046\000\040\000E\000d\000i\000t\000o\000r}{section.3.3}% 16
\BOOKMARK [0][-]{chapter.4}{\376\377\000L\000A\000N\000G\000K\000A\000H\000-\000L\000A\000N\000G\000K\000A\000H\000\040\000P\000E\000N\000G\000G\000U\000N\000A\000A\000N\000\040\000D\000A\000N\000\040\000P\000E\000N\000G\000E\000L\000O\000L\000A\000A\000N}{}% 17
\BOOKMARK [1][-]{section.4.1}{\376\377\000P\000a\000n\000d\000u\000a\000n\000\040\000P\000e\000n\000g\000g\000u\000n\000a\000\040\000U\000m\000u\000m\000\040\000\050\000M\000a\000s\000y\000a\000r\000a\000k\000a\000t\000\040\000\046\000\040\000P\000e\000n\000g\000u\000n\000j\000u\000n\000g\000\051}{chapter.4}% 18
\BOOKMARK [2][-]{subsection.4.1.1}{\376\377\000M\000e\000m\000b\000u\000k\000a\000\040\000H\000a\000l\000a\000m\000a\000n\000\040\000U\000t\000a\000m\000a\000\040\000\046\000\040\000N\000a\000v\000i\000g\000a\000s\000i\000\040\000F\000l\000o\000a\000t\000i\000n\000g\000\040\000P\000i\000l\000l}{section.4.1}% 19
\BOOKMARK [2][-]{subsection.4.1.2}{\376\377\000M\000e\000n\000j\000e\000l\000a\000j\000a\000h\000i\000\040\000M\000e\000n\000u\000\040\000P\000r\000o\000f\000i\000l\000\040\000\050\000S\000e\000j\000a\000r\000a\000h\000,\000\040\000P\000e\000j\000a\000b\000a\000t\000,\000\040\000\046\000\040\000I\000n\000f\000o\000g\000r\000a\000f\000i\000s\000\051}{section.4.1}% 20
\BOOKMARK [2][-]{subsection.4.1.3}{\376\377\000M\000e\000n\000g\000a\000k\000s\000e\000s\000\040\000M\000e\000n\000u\000\040\000P\000u\000b\000l\000i\000k\000a\000s\000i\000\040\000\050\000K\000a\000b\000a\000r\000\040\000D\000e\000s\000a\000\040\000\046\000\040\000P\000o\000t\000r\000e\000t\000\040\000D\000e\000s\000a\000\051}{section.4.1}% 21
\BOOKMARK [2][-]{subsection.4.1.4}{\376\377\000M\000e\000n\000j\000e\000l\000a\000j\000a\000h\000i\000\040\000K\000a\000t\000a\000l\000o\000g\000\040\000P\000o\000t\000e\000n\000s\000i\000\040\000U\000M\000K\000M}{section.4.1}% 22
\BOOKMARK [2][-]{subsection.4.1.5}{\376\377\000M\000e\000n\000g\000a\000k\000s\000e\000s\000\040\000H\000a\000l\000a\000m\000a\000n\000\040\000K\000o\000n\000t\000a\000k\000\040\000\046\000\040\000L\000o\000k\000a\000s\000i}{section.4.1}% 23
\BOOKMARK [1][-]{section.4.2}{\376\377\000P\000a\000n\000d\000u\000a\000n\000\040\000A\000d\000m\000i\000n\000i\000s\000t\000r\000a\000t\000o\000r\000\040\000\046\000\040\000E\000d\000i\000t\000o\000r\000\040\000\050\000P\000e\000r\000a\000n\000g\000k\000a\000t\000\040\000K\000e\000l\000u\000r\000a\000h\000a\000n\000\051}{chapter.4}% 24
\BOOKMARK [2][-]{subsection.4.2.1}{\376\377\000L\000o\000g\000i\000n\000\040\000k\000e\000\040\000D\000a\000s\000h\000b\000o\000a\000r\000d\000\040\000A\000d\000m\000i\000n\000i\000s\000t\000r\000a\000t\000o\000r}{section.4.2}% 25
\BOOKMARK [2][-]{subsection.4.2.2}{\376\377\000M\000e\000n\000g\000e\000l\000o\000l\000a\000\040\000I\000n\000f\000o\000r\000m\000a\000s\000i\000\040\000P\000r\000o\000f\000i\000l\000\040\000K\000e\000l\000u\000r\000a\000h\000a\000n\000\040\000\046\000\040\000P\000e\000r\000a\000n\000g\000k\000a\000t}{section.4.2}% 26
\BOOKMARK [2][-]{subsection.4.2.3}{\376\377\000M\000e\000n\000g\000e\000l\000o\000l\000a\000\040\000P\000u\000b\000l\000i\000k\000a\000s\000i\000\040\000B\000e\000r\000i\000t\000a\000\040\000\046\000\040\000G\000a\000l\000e\000r\000i\000\040\000F\000o\000t\000o}{section.4.2}% 27
\BOOKMARK [2][-]{subsection.4.2.4}{\376\377\000M\000e\000n\000g\000e\000l\000o\000l\000a\000\040\000K\000a\000t\000a\000l\000o\000g\000\040\000U\000M\000K\000M}{section.4.2}% 28
\BOOKMARK [2][-]{subsection.4.2.5}{\376\377\000M\000e\000n\000g\000e\000l\000o\000l\000a\000\040\000I\000n\000f\000o\000g\000r\000a\000f\000i\000s\000\040\000\046\000\040\000D\000a\000t\000a\000\040\000S\000t\000a\000t\000i\000s\000t\000i\000k}{section.4.2}% 29
\BOOKMARK [2][-]{subsection.4.2.6}{\376\377\000M\000e\000n\000g\000e\000l\000o\000l\000a\000\040\000K\000o\000n\000t\000a\000k\000\040\000\046\000\040\000P\000e\000s\000a\000n\000\040\000M\000a\000s\000u\000k\000\040\000\050\000K\000h\000u\000s\000u\000s\000\040\000A\000d\000m\000i\000n\000\051}{section.4.2}% 30
\BOOKMARK [0][-]{chapter.5}{\376\377\000S\000T\000U\000D\000I\000\040\000K\000A\000S\000U\000S\000\040\000/\000\040\000C\000O\000N\000T\000O\000H\000\040\000P\000R\000A\000K\000T\000I\000K}{}% 31
\BOOKMARK [1][-]{section.5.1}{\376\377\000S\000t\000u\000d\000i\000\040\000K\000a\000s\000u\000s\000\040\0001\000:\000\040\000P\000e\000n\000e\000l\000u\000s\000u\000r\000a\000n\000\040\000V\000i\000s\000u\000a\000l\000i\000s\000a\000s\000i\000\040\000I\000n\000f\000o\000g\000r\000a\000f\000i\000s\000\040\000S\000t\000a\000t\000i\000s\000t\000i\000k\000\040\000K\000e\000p\000e\000n\000d\000u\000d\000u\000k\000a\000n}{chapter.5}% 32
\BOOKMARK [1][-]{section.5.2}{\376\377\000S\000t\000u\000d\000i\000\040\000K\000a\000s\000u\000s\000\040\0002\000:\000\040\000P\000e\000n\000u\000l\000i\000s\000a\000n\000\040\000d\000a\000n\000\040\000P\000e\000m\000u\000b\000l\000i\000k\000a\000s\000i\000a\000n\000\040\000A\000r\000t\000i\000k\000e\000l\000\040\000K\000a\000b\000a\000r\000\040\000D\000e\000s\000a\000\040\000M\000e\000n\000g\000g\000u\000n\000a\000k\000a\000n\000\040\000T\000i\000p\000T\000a\000p\000\040\000E\000d\000i\000t\000o\000r}{chapter.5}% 33
\BOOKMARK [1][-]{section.5.3}{\376\377\000S\000t\000u\000d\000i\000\040\000K\000a\000s\000u\000s\000\040\0003\000:\000\040\000P\000e\000n\000a\000m\000b\000a\000h\000a\000n\000\040\000K\000a\000t\000a\000l\000o\000g\000\040\000P\000r\000o\000d\000u\000k\000\040\000U\000M\000K\000M\000\040\000L\000o\000k\000a\000l\000\040\000b\000e\000s\000e\000r\000t\000a\000\040\000F\000o\000t\000o\000\040\000P\000r\000o\000d\000u\000k\000\040\000o\000l\000e\000h\000\040\000E\000d\000i\000t\000o\000r}{chapter.5}% 34
\BOOKMARK [1][-]{section.5.4}{\376\377\000S\000t\000u\000d\000i\000\040\000K\000a\000s\000u\000s\000\040\0004\000:\000\040\000P\000e\000m\000b\000a\000r\000u\000a\000n\000\040\000D\000a\000t\000a\000\040\000D\000e\000m\000o\000g\000r\000a\000f\000i\000\040\000p\000a\000d\000a\000\040\000H\000a\000l\000a\000m\000a\000n\000\040\000P\000e\000n\000d\000a\000t\000a\000a\000n\000\040\000o\000l\000e\000h\000\040\000A\000d\000m\000i\000n\000i\000s\000t\000r\000a\000t\000o\000r}{chapter.5}% 35
\BOOKMARK [0][-]{chapter.6}{\376\377\000P\000E\000N\000U\000T\000U\000P}{}% 36
\BOOKMARK [1][-]{section.6.1}{\376\377\000K\000e\000s\000i\000m\000p\000u\000l\000a\000n}{chapter.6}% 37
\BOOKMARK [1][-]{section.6.2}{\376\377\000S\000a\000r\000a\000n\000\040\000\046\000\040\000R\000e\000k\000o\000m\000e\000n\000d\000a\000s\000i\000\040\000P\000e\000m\000e\000l\000i\000h\000a\000r\000a\000a\000n}{chapter.6}% 38
\BOOKMARK [0][-]{chapter*.29}{\376\377\000B\000I\000B\000L\000I\000O\000G\000R\000A\000F\000I\000\040\000/\000\040\000D\000A\000F\000T\000A\000R\000\040\000P\000U\000S\000T\000A\000K\000A}{}% 39
\BOOKMARK [0][-]{chapter.A}{\376\377\000L\000A\000M\000P\000I\000R\000A\000N\000\040\000A\000:\000\040\000P\000E\000T\000A\000\040\000R\000O\000U\000T\000E\000\040\000M\000A\000P\000P\000I\000N\000G\000\040\000S\000E\000L\000U\000R\000U\000H\000\040\000H\000A\000L\000A\000M\000A\000N\000\040\000W\000E\000B\000S\000I\000T\000E\000\040\000P\000U\000B\000L\000I\000K\000\040\000\046\000\040\000D\000A\000S\000B\000O\000R\000\040\000A\000D\000M\000I\000N}{}% 40
\BOOKMARK [0][-]{chapter.B}{\376\377\000L\000A\000M\000P\000I\000R\000A\000N\000\040\000B\000:\000\040\000K\000A\000M\000U\000S\000\040\000D\000A\000T\000A\000\040\000/\000\040\000S\000K\000E\000M\000A\000\040\000D\000A\000T\000A\000B\000A\000S\000E\000\040\000P\000R\000I\000S\000M\000A}{}% 41
\BOOKMARK [0][-]{chapter.C}{\376\377\000L\000A\000M\000P\000I\000R\000A\000N\000\040\000C\000:\000\040\000P\000A\000N\000D\000U\000A\000N\000\040\000D\000E\000S\000A\000I\000N\000\040\000S\000I\000S\000T\000E\000M}{}% 42
\BOOKMARK [0][-]{chapter.D}{\376\377\000L\000A\000M\000P\000I\000R\000A\000N\000\040\000D\000:\000\040\000G\000L\000O\000S\000A\000R\000I\000U\000M\000\040\000I\000S\000T\000I\000L\000A\000H\000\040\000T\000E\000K\000N\000I\000S\000\040\000W\000E\000B\000\040\000M\000O\000D\000E\000R\000N}{}% 43
