This is pdfTeX, Version 3.141592653-2.6-1.40.29 (MiKTeX 26.5) (preloaded format=pdflatex 2026.6.16)  7 AUG 2026 20:43
entering extended mode
 restricted \write18 enabled.
 %&-line parsing enabled.
**d:/Web_Salomallori/Hilirisasi/Modul.tex
(d:/Web_Salomallori/Hilirisasi/Modul.tex
LaTeX2e <2026-06-01>
L3 programming layer <2026-05-26>
(C:\Users\LENOVO\AppData\Local\Programs\MiKTeX\tex/latex/base\report.cls
Document Class: report 2025/01/22 v1.4n Standard LaTeX document class
(C:\Users\LENOVO\AppData\Local\Programs\MiKTeX\tex/latex/base\size12.clo
File: size12.clo 2025/01/22 v1.4n Standard LaTeX file (size option)
)
\c@part=\count276
\c@chapter=\count277
\c@section=\count278
\c@subsection=\count279
\c@subsubsection=\count280
\c@paragraph=\count281
\c@subparagraph=\count282
\c@figure=\count283
\c@table=\count284
\abovecaptionskip=\skip49
\belowcaptionskip=\skip50
\bibindent=\dimen150
)
(C:\Users\LENOVO\AppData\Local\Programs\MiKTeX\tex/generic/babel\babel.sty
Package: babel 2026/05/20 v26.8 The multilingual framework for LuaLaTeX, pdfLaT
eX and XeLaTeX
\babel@savecnt=\count285
LaTeX Encoding Info:    Redeclaring text command \ij (encoding OT1) on input li
ne 2084.
LaTeX Encoding Info:    Redeclaring text command \IJ (encoding OT1) on input li
ne 2086.
LaTeX Encoding Info:    Redeclaring text command \ij (encoding T1) on input lin
e 2088.
LaTeX Encoding Info:    Redeclaring text command \IJ (encoding T1) on input lin
e 2089.
LaTeX Encoding Info:    Ignoring declaration for text command \ij (encoding ?) 
on input line 2090.
LaTeX Encoding Info:    Ignoring declaration for text command \IJ (encoding ?) 
on input line 2092.
LaTeX Encoding Info:    Ignoring declaration for text command \SS (encoding ?) 
on input line 2117.
\U@D=\dimen151
\l@unhyphenated=\language79

(C:\Users\LENOVO\AppData\Local\Programs\MiKTeX\tex/generic/babel\txtbabel.def)
\bbl@readstream=\read2
\bbl@dirlevel=\count286
Package babel Info: Configuration files are deprecated, as
(babel)             they can break document portability.
(babel)             Reported on input line 4228.

*************************************
* Local config file bblopts.cfg used
*
(C:\Users\LENOVO\AppData\Local\Programs\MiKTeX\tex/latex/arabi\bblopts.cfg
File: bblopts.cfg 2005/09/08 v0.1 add Arabic and Farsi to "declared" options of
 babel
)
(C:\Users\LENOVO\AppData\Local\Programs\MiKTeX\tex/generic/babel/locale/id\babe
l-indonesian.tex)
Package babel Info: Importing font and identification data for indonesian
(babel)             from babel-id.ini. Reported on input line 4356.

(C:\Users\LENOVO\AppData\Local\Programs\MiKTeX\tex/latex/babel-indonesian\indon
esian.ldf
Language: indonesian 2025/06/01 v1.0n Bahasa Indonesia support from the babel s
ystem
))
(C:\Users\LENOVO\AppData\Local\Programs\MiKTeX\tex/latex/base\inputenc.sty
Package: inputenc 2024/02/08 v1.3d Input encoding file
\inpenc@prehook=\toks17
\inpenc@posthook=\toks18
)
(C:\Users\LENOVO\AppData\Local\Programs\MiKTeX\tex/latex/base\fontenc.sty
Package: fontenc 2025/07/18 v2.1d Standard LaTeX package
)
(C:\Users\LENOVO\AppData\Local\Programs\MiKTeX\tex/latex/geometry\geometry.sty
Package: geometry 2026/03/07 v6.0 Page Geometry

(C:\Users\LENOVO\AppData\Local\Programs\MiKTeX\tex/latex/graphics\keyval.sty
Package: keyval 2026-05-17 v1.15 key=value parser (DPC)
\KV@toks@=\toks19
)
(C:\Users\LENOVO\AppData\Local\Programs\MiKTeX\tex/generic/iftex\ifvtex.sty
Package: ifvtex 2019/10/25 v1.7 ifvtex legacy package. Use iftex instead.

(C:\Users\LENOVO\AppData\Local\Programs\MiKTeX\tex/generic/iftex\iftex.sty
Package: iftex 2024/12/12 v1.0g TeX engine tests
))
\Gm@cnth=\count287
\Gm@cntv=\count288
\c@Gm@tempcnt=\count289
\Gm@bindingoffset=\dimen152
\Gm@wd@mp=\dimen153
\Gm@odd@mp=\dimen154
\Gm@even@mp=\dimen155
\Gm@layoutwidth=\dimen156
\Gm@layoutheight=\dimen157
\Gm@layouthoffset=\dimen158
\Gm@layoutvoffset=\dimen159
\Gm@dimlist=\toks20

(C:\Users\LENOVO\AppData\Local\Programs\MiKTeX\tex/latex/geometry\geometry.cfg)
)
(C:\Users\LENOVO\AppData\Local\Programs\MiKTeX\tex/latex/graphics\graphicx.sty
Package: graphicx 2026-05-17 v1.2e Enhanced LaTeX Graphics (DPC,SPQR)

(C:\Users\LENOVO\AppData\Local\Programs\MiKTeX\tex/latex/graphics\graphics.sty
Package: graphics 2026-05-17 v1.4h Standard LaTeX Graphics (DPC,SPQR)

(C:\Users\LENOVO\AppData\Local\Programs\MiKTeX\tex/latex/graphics\trig.sty
Package: trig 2023/12/02 v1.11 sin cos tan (DPC)
)
(C:\Users\LENOVO\AppData\Local\Programs\MiKTeX\tex/latex/graphics-cfg\graphics.
cfg
File: graphics.cfg 2016/06/04 v1.11 sample graphics configuration
)
Package graphics Info: Driver file: pdftex.def on input line 106.

(C:\Users\LENOVO\AppData\Local\Programs\MiKTeX\tex/latex/graphics-def\pdftex.de
f
File: pdftex.def 2025/09/29 v1.2d Graphics/color driver for pdftex
))
\Gin@req@height=\dimen160
\Gin@req@width=\dimen161
)
(C:\Users\LENOVO\AppData\Local\Programs\MiKTeX\tex/latex/hyperref\hyperref.sty
Package: hyperref 2026-04-24 v7.01q Hypertext links for LaTeX

(C:\Users\LENOVO\AppData\Local\Programs\MiKTeX\tex/latex/kvsetkeys\kvsetkeys.st
y
Package: kvsetkeys 2022-10-05 v1.19 Key value parser (HO)
)
(C:\Users\LENOVO\AppData\Local\Programs\MiKTeX\tex/generic/kvdefinekeys\kvdefin
ekeys.sty
Package: kvdefinekeys 2019-12-19 v1.6 Define keys (HO)
)
(C:\Users\LENOVO\AppData\Local\Programs\MiKTeX\tex/generic/pdfescape\pdfescape.
sty
Package: pdfescape 2019/12/09 v1.15 Implements pdfTeX's escape features (HO)

(C:\Users\LENOVO\AppData\Local\Programs\MiKTeX\tex/generic/ltxcmds\ltxcmds.sty
Package: ltxcmds 2023-12-04 v1.26 LaTeX kernel commands for general use (HO)
)
(C:\Users\LENOVO\AppData\Local\Programs\MiKTeX\tex/generic/pdftexcmds\pdftexcmd
s.sty
Package: pdftexcmds 2020-06-27 v0.33 Utility functions of pdfTeX for LuaTeX (HO
)

(C:\Users\LENOVO\AppData\Local\Programs\MiKTeX\tex/generic/infwarerr\infwarerr.
sty
Package: infwarerr 2019/12/03 v1.5 Providing info/warning/error messages (HO)
)
Package pdftexcmds Info: \pdf@primitive is available.
Package pdftexcmds Info: \pdf@ifprimitive is available.
Package pdftexcmds Info: \pdfdraftmode found.
))
(C:\Users\LENOVO\AppData\Local\Programs\MiKTeX\tex/latex/hycolor\hycolor.sty
Package: hycolor 2020-01-27 v1.10 Color options for hyperref/bookmark (HO)
)
(C:\Users\LENOVO\AppData\Local\Programs\MiKTeX\tex/latex/hyperref\nameref.sty
Package: nameref 2026-01-29 v2.58 Cross-referencing by name of section

(C:\Users\LENOVO\AppData\Local\Programs\MiKTeX\tex/latex/refcount\refcount.sty
Package: refcount 2019/12/15 v3.6 Data extraction from label references (HO)
)
(C:\Users\LENOVO\AppData\Local\Programs\MiKTeX\tex/generic/gettitlestring\getti
tlestring.sty
Package: gettitlestring 2019/12/15 v1.6 Cleanup title references (HO)

(C:\Users\LENOVO\AppData\Local\Programs\MiKTeX\tex/latex/kvoptions\kvoptions.st
y
Package: kvoptions 2022-06-15 v3.15 Key value format for package options (HO)
))
\c@section@level=\count290
)
(C:\Users\LENOVO\AppData\Local\Programs\MiKTeX\tex/latex/etoolbox\etoolbox.sty
Package: etoolbox 2025/10/02 v2.5m e-TeX tools for LaTeX (JAW)
\etb@tempcnta=\count291
)
(C:\Users\LENOVO\AppData\Local\Programs\MiKTeX\tex/generic/stringenc\stringenc.
sty
Package: stringenc 2019/11/29 v1.12 Convert strings between diff. encodings (HO
)
)
\@linkdim=\dimen162
\Hy@linkcounter=\count292
\Hy@pagecounter=\count293

(C:\Users\LENOVO\AppData\Local\Programs\MiKTeX\tex/latex/hyperref\pd1enc.def
File: pd1enc.def 2026-04-24 v7.01q Hyperref: PDFDocEncoding definition (HO)
Now handling font encoding PD1 ...
... no UTF-8 mapping file for font encoding PD1
)
(C:\Users\LENOVO\AppData\Local\Programs\MiKTeX\tex/generic/intcalc\intcalc.sty
Package: intcalc 2019/12/15 v1.3 Expandable calculations with integers (HO)
)
\Hy@SavedSpaceFactor=\count294
(C:\Users\LENOVO\AppData\Local\Programs\MiKTeX\tex/latex/hyperref\puenc.def
File: puenc.def 2026-04-24 v7.01q Hyperref: PDF Unicode definition (HO)
Now handling font encoding PU ...
... no UTF-8 mapping file for font encoding PU
)
Package hyperref Info: Hyper figures OFF on input line 4199.
Package hyperref Info: Link nesting OFF on input line 4204.
Package hyperref Info: Hyper index ON on input line 4207.
Package hyperref Info: Plain pages OFF on input line 4214.
Package hyperref Info: Backreferencing OFF on input line 4219.
Package hyperref Info: Implicit mode ON; LaTeX internals redefined.
Package hyperref Info: Bookmarks ON on input line 4466.
\c@Hy@tempcnt=\count295

(C:\Users\LENOVO\AppData\Local\Programs\MiKTeX\tex/latex/url\url.sty
\Urlmuskip=\muskip17
Package: url 2013/09/16  ver 3.4  Verb mode for urls, etc.
)
LaTeX Info: Redefining \url on input line 4805.
\XeTeXLinkMargin=\dimen163

(C:\Users\LENOVO\AppData\Local\Programs\MiKTeX\tex/generic/bitset\bitset.sty
Package: bitset 2019/12/09 v1.3 Handle bit-vector datatype (HO)

(C:\Users\LENOVO\AppData\Local\Programs\MiKTeX\tex/generic/bigintcalc\bigintcal
c.sty
Package: bigintcalc 2019/12/15 v1.5 Expandable calculations on big integers (HO
)
))
\Fld@menulength=\count296
\Field@Width=\dimen164
\Fld@charsize=\dimen165
Package hyperref Info: Hyper figures OFF on input line 6091.
Package hyperref Info: Link nesting OFF on input line 6096.
Package hyperref Info: Hyper index ON on input line 6099.
Package hyperref Info: backreferencing OFF on input line 6106.
Package hyperref Info: Link coloring OFF on input line 6111.
Package hyperref Info: Link coloring with OCG OFF on input line 6116.
Package hyperref Info: PDF/A mode OFF on input line 6121.
\Hy@abspage=\count297
\c@Item=\count298
\c@Hfootnote=\count299
)
Package hyperref Info: Driver (autodetected): hpdftex.

(C:\Users\LENOVO\AppData\Local\Programs\MiKTeX\tex/latex/hyperref\hpdftex.def
File: hpdftex.def 2026-04-24 v7.01q Hyperref driver for pdfTeX
\Fld@listcount=\count300
\c@bookmark@seq@number=\count301

(C:\Users\LENOVO\AppData\Local\Programs\MiKTeX\tex/latex/rerunfilecheck\rerunfi
lecheck.sty
Package: rerunfilecheck 2025-06-21 v1.11 Rerun checks for auxiliary files (HO)

(C:\Users\LENOVO\AppData\Local\Programs\MiKTeX\tex/generic/uniquecounter\unique
counter.sty
Package: uniquecounter 2019/12/15 v1.4 Provide unlimited unique counter (HO)
)
Package uniquecounter Info: New unique counter `rerunfilecheck' on input line 2
84.
)
\Hy@SectionHShift=\skip51
)
(C:\Users\LENOVO\AppData\Local\Programs\MiKTeX\tex/latex/xcolor\xcolor.sty
Package: xcolor 2024/09/29 v3.02 LaTeX color extensions (UK)

(C:\Users\LENOVO\AppData\Local\Programs\MiKTeX\tex/latex/graphics-cfg\color.cfg
File: color.cfg 2016/01/02 v1.6 sample color configuration
)
Package xcolor Info: Driver file: pdftex.def on input line 274.

(C:\Users\LENOVO\AppData\Local\Programs\MiKTeX\tex/latex/graphics\mathcolor.ltx
)
Package xcolor Info: Model `cmy' substituted by `cmy0' on input line 1349.
Package xcolor Info: Model `hsb' substituted by `rgb' on input line 1353.
Package xcolor Info: Model `RGB' extended on input line 1365.
Package xcolor Info: Model `HTML' substituted by `rgb' on input line 1367.
Package xcolor Info: Model `Hsb' substituted by `hsb' on input line 1368.
Package xcolor Info: Model `tHsb' substituted by `hsb' on input line 1369.
Package xcolor Info: Model `HSB' substituted by `hsb' on input line 1370.
Package xcolor Info: Model `Gray' substituted by `gray' on input line 1371.
Package xcolor Info: Model `wave' substituted by `hsb' on input line 1372.
) (C:\Users\LENOVO\AppData\Local\Programs\MiKTeX\tex/latex/caption\caption.sty
Package: caption 2023/08/05 v3.6o Customizing captions (AR)
(C:\Users\LENOVO\AppData\Local\Programs\MiKTeX\tex/latex/caption\caption3.sty
Package: caption3 2023/07/31 v2.4d caption3 kernel (AR)
\caption@tempdima=\dimen166
\captionmargin=\dimen167
\caption@leftmargin=\dimen168
\caption@rightmargin=\dimen169
\caption@width=\dimen170
\caption@indent=\dimen171
\caption@parindent=\dimen172
\caption@hangindent=\dimen173
Package caption Info: Standard document class detected.
)
\c@caption@flags=\count302
\c@continuedfloat=\count303
Package caption Info: hyperref package is loaded.
)
(C:\Users\LENOVO\AppData\Local\Programs\MiKTeX\tex/latex/caption\subcaption.sty
Package: subcaption 2023/07/28 v1.6b Sub-captions (AR)
Package caption Info: New subtype `subfigure' on input line 238.
\c@subfigure=\count304
Package caption Info: New subtype `subtable' on input line 238.
\c@subtable=\count305
)
(C:\Users\LENOVO\AppData\Local\Programs\MiKTeX\tex/latex/booktabs\booktabs.sty
Package: booktabs 2020/01/12 v1.61803398 Publication quality tables
\heavyrulewidth=\dimen174
\lightrulewidth=\dimen175
\cmidrulewidth=\dimen176
\belowrulesep=\dimen177
\belowbottomsep=\dimen178
\aboverulesep=\dimen179
\abovetopsep=\dimen180
\cmidrulesep=\dimen181
\cmidrulekern=\dimen182
\defaultaddspace=\dimen183
\@cmidla=\count306
\@cmidlb=\count307
\@aboverulesep=\dimen184
\@belowrulesep=\dimen185
\@thisruleclass=\count308
\@lastruleclass=\count309
\@thisrulewidth=\dimen186
) (C:\Users\LENOVO\AppData\Local\Programs\MiKTeX\tex/latex/tools\longtable.sty
Package: longtable 2026-01-28 v4.27 Multi-page Table package (DPC)
\LTleft=\skip52
\LTright=\skip53
\LTpre=\skip54
\LTpost=\skip55
\LTchunksize=\count310
\LTcapwidth=\dimen187
\LT@head=\box53
\LT@firsthead=\box54
\LT@foot=\box55
\LT@lastfoot=\box56
\LT@gbox=\box57
\LT@cols=\count311
\LT@rows=\count312
\c@LT@tables=\count313
\c@LT@chunks=\count314
\LT@p@ftn=\toks21
)
(C:\Users\LENOVO\AppData\Local\Programs\MiKTeX\tex/latex/tools\array.sty
Package: array 2026/02/24 v2.7b Tabular extension package (FMi)
\col@sep=\dimen188
\ar@mcellbox=\box58
\extrarowheight=\dimen189
\NC@list=\toks22
\extratabsurround=\skip56
\backup@length=\skip57
\ar@cellbox=\box59
)
(C:\Users\LENOVO\AppData\Local\Programs\MiKTeX\tex/latex/tools\tabularx.sty
Package: tabularx 2023/12/11 v2.12a `tabularx' package (DPC)
\TX@col@width=\dimen190
\TX@old@table=\dimen191
\TX@old@col=\dimen192
\TX@target=\dimen193
\TX@delta=\dimen194
\TX@cols=\count315
\TX@ftn=\toks23
)
(C:\Users\LENOVO\AppData\Local\Programs\MiKTeX\tex/latex/enumitem\enumitem.sty
Package: enumitem 2025/02/06 v3.11 Customized lists
\labelindent=\skip58
\enit@outerparindent=\dimen195
\enit@toks=\toks24
\enit@inbox=\box60
\enit@count@id=\count316
\enitdp@description=\count317
) (C:\Users\LENOVO\AppData\Local\Programs\MiKTeX\tex/latex/fancyhdr\fancyhdr.st
y
Package: fancyhdr 2025/02/07 v5.2 Extensive control of page headers and footers

\f@nch@headwidth=\skip59
\f@nch@offset@elh=\skip60
\f@nch@offset@erh=\skip61
\f@nch@offset@olh=\skip62
\f@nch@offset@orh=\skip63
\f@nch@offset@elf=\skip64
\f@nch@offset@erf=\skip65
\f@nch@offset@olf=\skip66
\f@nch@offset@orf=\skip67
\f@nch@height=\skip68
\f@nch@footalignment=\skip69
\f@nch@widthL=\skip70
\f@nch@widthC=\skip71
\f@nch@widthR=\skip72
\@temptokenb=\toks25
)
(C:\Users\LENOVO\AppData\Local\Programs\MiKTeX\tex/latex/titlesec\titlesec.sty
Package: titlesec 2025/01/04 v2.17 Sectioning titles
\ttl@box=\box61
\beforetitleunit=\skip73
\aftertitleunit=\skip74
\ttl@plus=\dimen196
\ttl@minus=\dimen197
\ttl@toksa=\toks26
\titlewidth=\dimen198
\titlewidthlast=\dimen199
\titlewidthfirst=\dimen256
) (C:\Users\LENOVO\AppData\Local\Programs\MiKTeX\tex/latex/float\float.sty
Package: float 2001/11/08 v1.3d Float enhancements (AL)
\c@float@type=\count318
\float@exts=\toks27
\float@box=\box62
\@float@everytoks=\toks28
\@floatcapt=\box63
)
(C:\Users\LENOVO\AppData\Local\Programs\MiKTeX\tex/latex/amsmath\amsmath.sty
Package: amsmath 2026/05/19 v2.18d AMS math features
\@mathmargin=\skip75

For additional information on amsmath, use the `?' option.
(C:\Users\LENOVO\AppData\Local\Programs\MiKTeX\tex/latex/amsmath\amstext.sty
Package: amstext 2024/11/17 v2.01 AMS text

(C:\Users\LENOVO\AppData\Local\Programs\MiKTeX\tex/latex/amsmath\amsgen.sty
File: amsgen.sty 1999/11/30 v2.0 generic functions
\@emptytoks=\toks29
\ex@=\dimen257
))
(C:\Users\LENOVO\AppData\Local\Programs\MiKTeX\tex/latex/amsmath\amsbsy.sty
Package: amsbsy 1999/11/29 v1.2d Bold Symbols
\pmbraise@=\dimen258
)
(C:\Users\LENOVO\AppData\Local\Programs\MiKTeX\tex/latex/amsmath\amsopn.sty
Package: amsopn 2022/04/08 v2.04 operator names
)
\inf@bad=\count319
LaTeX Info: Redefining \frac on input line 233.
\uproot@=\count320
\leftroot@=\count321
LaTeX Info: Redefining \overline on input line 398.
LaTeX Info: Redefining \colon on input line 409.
\classnum@=\count322
\DOTSCASE@=\count323
LaTeX Info: Redefining \ldots on input line 495.
LaTeX Info: Redefining \dots on input line 498.
LaTeX Info: Redefining \cdots on input line 619.
\Mathstrutbox@=\box64
\strutbox@=\box65
LaTeX Info: Redefining \big on input line 721.
LaTeX Info: Redefining \Big on input line 722.
LaTeX Info: Redefining \bigg on input line 723.
LaTeX Info: Redefining \Bigg on input line 724.
\big@size=\dimen259
LaTeX Font Info:    Redeclaring font encoding OML on input line 742.
LaTeX Font Info:    Redeclaring font encoding OMS on input line 743.
\macc@depth=\count324
LaTeX Info: Redefining \bmod on input line 904.
LaTeX Info: Redefining \pmod on input line 909.
LaTeX Info: Redefining \smash on input line 939.
LaTeX Info: Redefining \relbar on input line 969.
LaTeX Info: Redefining \Relbar on input line 970.
\c@MaxMatrixCols=\count325
\dotsspace@=\muskip18
\c@parentequation=\count326
\dspbrk@lvl=\count327
\tag@help=\toks30
\row@=\count328
\column@=\count329
\maxfields@=\count330
\andhelp@=\toks31
\eqnshift@=\dimen260
\alignsep@=\dimen261
\tagshift@=\dimen262
\tagwidth@=\dimen263
\totwidth@=\dimen264
\lineht@=\dimen265
\@envbody=\toks32
\multlinegap=\skip76
\multlinetaggap=\skip77
\mathdisplay@stack=\toks33
LaTeX Info: Redefining \[ on input line 2965.
LaTeX Info: Redefining \] on input line 2966.
)
(C:\Users\LENOVO\AppData\Local\Programs\MiKTeX\tex/latex/amsfonts\amsfonts.sty
Package: amsfonts 2013/01/14 v3.01 Basic AMSFonts support
\symAMSa=\mathgroup4
\symAMSb=\mathgroup5
LaTeX Font Info:    Redeclaring math symbol \hbar on input line 98.
LaTeX Font Info:    Overwriting math alphabet `\mathfrak' in version `bold'
(Font)                  U/euf/m/n --> U/euf/b/n on input line 106.
) (C:\Users\LENOVO\AppData\Local\Programs\MiKTeX\tex/latex/amsfonts\amssymb.sty
Package: amssymb 2013/01/14 v3.01 AMS font symbols
) (C:\Users\LENOVO\AppData\Local\Programs\MiKTeX\tex/latex/setspace\setspace.st
y
Package: setspace 2022/12/04 v6.7b set line spacing
) (C:\Users\LENOVO\AppData\Local\Programs\MiKTeX\tex/latex/parskip\parskip.sty
Package: parskip 2021-03-14 v2.0h non-zero parskip adjustments
)
Package hyperref Info: Option `colorlinks' set `true' on input line 49.

(C:\Users\LENOVO\AppData\Local\Programs\MiKTeX\tex/latex/l3backend\l3backend-pd
ftex.def
File: l3backend-pdftex.def 2026-02-18 L3 backend support: PDF output (pdfTeX)
\l__color_backend_stack_int=\count331
) (d:\Web_Salomallori\Hilirisasi\Modul.aux)
\openout1 = `Modul.aux'.

LaTeX Font Info:    Checking defaults for OML/cmm/m/it on input line 90.
LaTeX Font Info:    ... okay on input line 90.
LaTeX Font Info:    Checking defaults for OMS/cmsy/m/n on input line 90.
LaTeX Font Info:    ... okay on input line 90.
LaTeX Font Info:    Checking defaults for OT1/cmr/m/n on input line 90.
LaTeX Font Info:    ... okay on input line 90.
LaTeX Font Info:    Checking defaults for T1/cmr/m/n on input line 90.
LaTeX Font Info:    ... okay on input line 90.
LaTeX Font Info:    Checking defaults for TS1/cmr/m/n on input line 90.
LaTeX Font Info:    ... okay on input line 90.
LaTeX Font Info:    Checking defaults for OMX/cmex/m/n on input line 90.
LaTeX Font Info:    ... okay on input line 90.
LaTeX Font Info:    Checking defaults for U/cmr/m/n on input line 90.
LaTeX Font Info:    ... okay on input line 90.
LaTeX Font Info:    Checking defaults for PD1/pdf/m/n on input line 90.
LaTeX Font Info:    ... okay on input line 90.
LaTeX Font Info:    Checking defaults for PU/pdf/m/n on input line 90.
LaTeX Font Info:    ... okay on input line 90.

*geometry* driver: auto-detecting
*geometry* detected driver: pdftex
*geometry* verbose mode - [ preamble ] result:
* driver: pdftex
* paper: a4paper
* layout: <same size as paper>
* layoutoffset:(h,v)=(0.0pt,0.0pt)
* modes: 
* h-part:(L,W,R)=(113.81102pt, 398.3386pt, 85.35826pt)
* v-part:(T,H,B)=(85.35826pt, 674.33032pt, 85.35826pt)
* \paperwidth=597.50787pt
* \paperheight=845.04684pt
* \textwidth=398.3386pt
* \textheight=674.33032pt
* \oddsidemargin=41.54103pt
* \evensidemargin=41.54103pt
* \topmargin=-35.93173pt
* \headheight=24.02pt
* \headsep=25.0pt
* \topskip=12.0pt
* \footskip=30.0pt
* \marginparwidth=35.0pt
* \marginparsep=10.0pt
* \columnsep=10.0pt
* \skip\footins=10.8pt plus 4.0pt minus 2.0pt
* \hoffset=0.0pt
* \voffset=0.0pt
* \mag=1000
* \@twocolumnfalse
* \@twosidefalse
* \@mparswitchfalse
* \@reversemarginfalse
* (1in=72.27pt=25.4mm, 1cm=28.453pt)


(C:\Users\LENOVO\AppData\Local\Programs\MiKTeX\tex/context/base/mkii\supp-pdf.m
kii
[Loading MPS to PDF converter (version 2006.09.02).]
\scratchcounter=\count332
\scratchdimen=\dimen266
\scratchbox=\box66
\nofMPsegments=\count333
\nofMParguments=\count334
\everyMPshowfont=\toks34
\MPscratchCnt=\count335
\MPscratchDim=\dimen267
\MPnumerator=\count336
\makeMPintoPDFobject=\count337
\everyMPtoPDFconversion=\toks35
)
(C:\Users\LENOVO\AppData\Local\Programs\MiKTeX\tex/latex/epstopdf-pkg\epstopdf-
base.sty
Package: epstopdf-base 2020-01-24 v2.11 Base part for package epstopdf
Package epstopdf-base Info: Redefining graphics rule for `.eps' on input line 4
85.

(C:\Users\LENOVO\AppData\Local\Programs\MiKTeX\tex/latex/00miktex\epstopdf-sys.
cfg
File: epstopdf-sys.cfg 2021/03/18 v2.0 Configuration of epstopdf for MiKTeX
))
Package hyperref Info: Link coloring ON on input line 90.
 (d:\Web_Salomallori\Hilirisasi\Modul.out)
(d:\Web_Salomallori\Hilirisasi\Modul.out)
\@outlinefile=\write3
\openout3 = `Modul.out'.

Package caption Info: Begin \AtBeginDocument code.
Package caption Info: float package is loaded.
Package caption Info: longtable package is loaded.

(C:\Users\LENOVO\AppData\Local\Programs\MiKTeX\tex/latex/caption\ltcaption.sty
Package: ltcaption 2021/01/08 v1.4c longtable captions (AR)
)
Package caption Info: End \AtBeginDocument code.

LaTeX Font Warning: Font shape `T1/cmr/m/n' in size <20> not available
(Font)              size <20.74> substituted on input line 103.


LaTeX Font Warning: Font shape `T1/cmr/bx/n' in size <20> not available
(Font)              size <20.74> substituted on input line 103.

LaTeX Font Info:    Trying to load font information for U+msa on input line 116
.
(C:\Users\LENOVO\AppData\Local\Programs\MiKTeX\tex/latex/amsfonts\umsa.fd
File: umsa.fd 2013/01/14 v3.01 AMS symbols A
)
LaTeX Font Info:    Trying to load font information for U+msb on input line 116
.

(C:\Users\LENOVO\AppData\Local\Programs\MiKTeX\tex/latex/amsfonts\umsb.fd
File: umsb.fd 2013/01/14 v3.01 AMS symbols B
)
Overfull \hbox (92.60411pt too wide) in paragraph at lines 116--121
 [][] 
 []

[1

{C:/Users/LENOVO/AppData/Local/MiKTeX/fonts/map/pdftex/pdftex.map}]
pdfTeX warning (ext4): destination with the same identifier (name{page.1}) has 
been already used, duplicate ignored
<to be read again> 
                   \relax 
l.163 \tableofcontents
                       [1

] (d:\Web_Salomallori\Hilirisasi\Modul.toc [2

]
Overfull \hbox (3.51814pt too wide) in paragraph at lines 54--54
 [] [][][]\T1/cmr/bx/n/12 LAMPIRAN B: KA-MUS DA-TA / SKE-MA DA-TA-BA-SE PRIS- 
 []

)
\tf@toc=\write4
\openout4 = `Modul.toc'.

 [3] (d:\Web_Salomallori\Hilirisasi\Modul.lof)
\tf@lof=\write5
\openout5 = `Modul.lof'.

 [4


]
(d:\Web_Salomallori\Hilirisasi\Modul.lot)
\tf@lot=\write6
\openout6 = `Modul.lot'.

 [5


]
Bab 1.
[6


] [7]
Bab 2.

Overfull \hbox (2.08304pt too wide) in paragraph at lines 239--240
[]\T1/cmr/m/n/12 Desain vi-su-al web-si-te me-ne-rapk-an ga-ya \T1/cmr/m/it/12 
Editorial-First\T1/cmr/m/n/12 , \T1/cmr/m/it/12 Mi-ni-ma-lism\T1/cmr/m/n/12 , d
an \T1/cmr/m/it/12 Glass-
 []

<images/beranda.png, id=356, 1269.74374pt x 4283.00125pt>
File: images/beranda.png Graphic file (type png)
<use images/beranda.png>
Package pdftex.def Info: images/beranda.png  used on input line 243.
(pdftex.def)             Requested size: 338.59023pt x 1142.11346pt.
[8

]
Overfull \vbox (491.38313pt too high) has occurred while \output is active []


[9 <d:/Web_Salomallori/Hilirisasi/images/beranda.png (PNG copy)>]
Overfull \hbox (16.04251pt too wide) in paragraph at lines 259--259
|[]\T1/cmr/bx/n/17.28 Pembagian Hak Ak-ses Peng-gu-na (\T1/cmr/bx/it/17.28 Role
-Based
 []

[10] [11]
Bab 3.

Overfull \hbox (6.33708pt too wide) in paragraph at lines 294--294
|\T1/cmr/bx/n/24.88 PERSYARATAN & KE-BU-TUH-AN
 []


Overfull \hbox (17.60924pt too wide) in paragraph at lines 296--296
|[]\T1/cmr/bx/n/17.28 Kebutuhan Per-ang-kat Peng-gu-na Umum (War-
 []


Package tabularx Warning: X Columns too narrow (table too wide)
(tabularx)                 on input line 313.


Overfull \hbox (56.76387pt too wide) in paragraph at lines 313--313
[]|\T1/cmr/bx/n/12 Keterangan| 
 []


Overfull \hbox (22.25427pt too wide) in paragraph at lines 313--313
[]|\T1/cmr/m/n/12 Sistem
 []


Overfull \hbox (1.95784pt too wide) in paragraph at lines 313--313
\T1/cmr/m/n/12 di-
 []


Overfull \hbox (9.13666pt too wide) in paragraph at lines 313--313
\T1/cmr/m/n/12 ran-
 []


Overfull \hbox (11.74712pt too wide) in paragraph at lines 313--313
\T1/cmr/m/n/12 cang
 []


Overfull \hbox (6.59145pt too wide) in paragraph at lines 313--313
\T1/cmr/m/n/12 res-
 []


Overfull \hbox (11.4208pt too wide) in paragraph at lines 313--313
\T1/cmr/m/n/12 pon-
 []


Underfull \hbox (badness 10000) in paragraph at lines 313--313
\T1/cmr/m/n/12 sif
 []


Overfull \hbox (2.02312pt too wide) in paragraph at lines 313--313
\T1/cmr/m/n/12 se-
 []


Overfull \hbox (14.35759pt too wide) in paragraph at lines 313--313
\T1/cmr/m/n/12 hing-
 []


Overfull \hbox (12.39975pt too wide) in paragraph at lines 313--313
\T1/cmr/m/n/12 tam-
 []


Overfull \hbox (1.3052pt too wide) in paragraph at lines 313--313
\T1/cmr/m/n/12 pil
 []


Overfull \hbox (4.56833pt too wide) in paragraph at lines 313--313
\T1/cmr/m/n/12 op-
 []


Underfull \hbox (badness 10000) in paragraph at lines 313--313
\T1/cmr/m/n/12 ti-
 []


Overfull \hbox (7.17879pt too wide) in paragraph at lines 313--313
\T1/cmr/m/n/12 mal
 []


Underfull \hbox (badness 10000) in paragraph at lines 313--313
\T1/cmr/m/n/12 di
 []


Overfull \hbox (2.02312pt too wide) in paragraph at lines 313--313
\T1/cmr/m/n/12 se-
 []


Overfull \hbox (10.11559pt too wide) in paragraph at lines 313--313
\T1/cmr/m/n/12 mua
 []


Overfull \hbox (15.98914pt too wide) in paragraph at lines 313--313
\T1/cmr/m/n/12 ukur-
 []


Overfull \hbox (0.65262pt too wide) in paragraph at lines 313--313
\T1/cmr/m/n/12 an
 []


Overfull \hbox (1.30522pt too wide) in paragraph at lines 313--313
\T1/cmr/m/n/12 la-
 []


Overfull \hbox (4.56831pt too wide) in paragraph at lines 313--313
\T1/cmr/m/n/12 yar| 
 []


Overfull \hbox (13.76607pt too wide) in paragraph at lines 313--313
[]|\T1/cmr/m/n/12 Versi
 []


Overfull \hbox (6.5262pt too wide) in paragraph at lines 313--313
\T1/cmr/m/n/12 ter-
 []


Overfull \hbox (4.56833pt too wide) in paragraph at lines 313--313
\T1/cmr/m/n/12 ba-
 []


Underfull \hbox (badness 10000) in paragraph at lines 313--313
\T1/cmr/m/n/12 ru
 []


Overfull \hbox (12.39973pt too wide) in paragraph at lines 313--313
\T1/cmr/m/n/12 yang
 []


Overfull \hbox (13.705pt too wide) in paragraph at lines 313--313
\T1/cmr/m/n/12 men-
 []


Overfull \hbox (5.22095pt too wide) in paragraph at lines 313--313
\T1/cmr/m/n/12 du-
 []


Overfull \hbox (13.37866pt too wide) in paragraph at lines 313--313
\T1/cmr/m/n/12 kung
 []


Overfull \hbox (13.77023pt too wide) in paragraph at lines 313--313
\T1/cmr/m/n/12 stan-
 []


Overfull \hbox (5.22095pt too wide) in paragraph at lines 313--313
\T1/cmr/m/n/12 dar
 []


Overfull \hbox (8.15775pt too wide) in paragraph at lines 313--313
\T1/cmr/m/n/12 web
 []


Overfull \hbox (7.83142pt too wide) in paragraph at lines 313--313
\T1/cmr/m/n/12 mo-
 []


Overfull \hbox (11.09453pt too wide) in paragraph at lines 313--313
\T1/cmr/m/n/12 dern| 
 []


Overfull \hbox (44.86537pt too wide) in paragraph at lines 313--313
[]|\T1/cmr/m/n/12 Diperlukan
 []


Overfull \hbox (5.22095pt too wide) in paragraph at lines 313--313
\T1/cmr/m/n/12 un-
 []


Overfull \hbox (5.54724pt too wide) in paragraph at lines 313--313
\T1/cmr/m/n/12 tuk
 []


Overfull \hbox (7.17882pt too wide) in paragraph at lines 313--313
\T1/cmr/m/n/12 me-
 []


Overfull \hbox (8.15773pt too wide) in paragraph at lines 313--313
\T1/cmr/m/n/12 mu-
 []


Underfull \hbox (badness 10000) in paragraph at lines 313--313
\T1/cmr/m/n/12 at
 []


Overfull \hbox (10.44188pt too wide) in paragraph at lines 313--313
\T1/cmr/m/n/12 kon-
 []


Overfull \hbox (7.83142pt too wide) in paragraph at lines 313--313
\T1/cmr/m/n/12 ten,
 []


Overfull \hbox (13.70499pt too wide) in paragraph at lines 313--313
\T1/cmr/m/n/12 gam-
 []


Overfull \hbox (8.48402pt too wide) in paragraph at lines 313--313
\T1/cmr/m/n/12 bar,
 []


Overfull \hbox (7.1788pt too wide) in paragraph at lines 313--313
\T1/cmr/m/n/12 dan
 []


Overfull \hbox (4.24202pt too wide) in paragraph at lines 313--313
\T1/cmr/m/n/12 pe-
 []


Overfull \hbox (17.74702pt too wide) in paragraph at lines 313--313
[]|\T1/cmr/m/n/12 Akses
 []


Overfull \hbox (10.44188pt too wide) in paragraph at lines 313--313
\T1/cmr/m/n/12 kon-
 []


Overfull \hbox (4.56834pt too wide) in paragraph at lines 313--313
\T1/cmr/m/n/12 ten
 []


Overfull \hbox (5.22095pt too wide) in paragraph at lines 313--313
\T1/cmr/m/n/12 pu-
 []


Overfull \hbox (7.50507pt too wide) in paragraph at lines 313--313
\T1/cmr/m/n/12 blik
 []


Overfull \hbox (4.56833pt too wide) in paragraph at lines 313--313
\T1/cmr/m/n/12 da-
 []


Overfull \hbox (5.22095pt too wide) in paragraph at lines 313--313
\T1/cmr/m/n/12 pat
 []


Overfull \hbox (1.95784pt too wide) in paragraph at lines 313--313
\T1/cmr/m/n/12 di-
 []


Overfull \hbox (1.30522pt too wide) in paragraph at lines 313--313
\T1/cmr/m/n/12 la-
 []


Overfull \hbox (11.09448pt too wide) in paragraph at lines 313--313
\T1/cmr/m/n/12 kuk-
 []


Overfull \hbox (0.65262pt too wide) in paragraph at lines 313--313
\T1/cmr/m/n/12 an
 []


Overfull \hbox (9.13666pt too wide) in paragraph at lines 313--313
\T1/cmr/m/n/12 tan-
 []


Overfull \hbox (0.65262pt too wide) in paragraph at lines 313--313
\T1/cmr/m/n/12 pa
 []


Overfull \hbox (1.30522pt too wide) in paragraph at lines 313--313
\T1/cmr/m/n/12 lo-
 []


Overfull \hbox (3.9157pt too wide) in paragraph at lines 313--313
\T1/cmr/m/n/12 gin| 
 []


Overfull \hbox (21.59108pt too wide) in alignment at lines 313--313
[][][] 
 []

[12

]
Overfull \vbox (290.58372pt too high) has occurred while \output is active []


[13]
Overfull \hbox (58.68489pt too wide) in paragraph at lines 333--333
[]|\T1/cmr/bx/n/12 Keterangan| 
 []


Overfull \hbox (47.83058pt too wide) in paragraph at lines 333--333
[]|\T1/cmr/m/n/12 Disarankan
 []


Overfull \hbox (3.22624pt too wide) in paragraph at lines 333--333
\T1/cmr/m/n/12 la-
 []


Overfull \hbox (6.48933pt too wide) in paragraph at lines 333--333
\T1/cmr/m/n/12 yar
 []


Overfull \hbox (7.14195pt too wide) in paragraph at lines 333--333
\T1/cmr/m/n/12 mi-
 []


Overfull \hbox (3.87886pt too wide) in paragraph at lines 333--333
\T1/cmr/m/n/12 ni-
 []


Overfull \hbox (9.09981pt too wide) in paragraph at lines 333--333
\T1/cmr/m/n/12 mal
 []


Overfull \hbox (1.92102pt too wide) in paragraph at lines 333--333
\T1/cmr/m/n/12 13
 []


Overfull \hbox (3.87886pt too wide) in paragraph at lines 333--333
\T1/cmr/m/n/12 in-
 []


Underfull \hbox (badness 10000) in paragraph at lines 333--333
\T1/cmr/m/n/12 ci
 []


Overfull \hbox (7.14197pt too wide) in paragraph at lines 333--333
\T1/cmr/m/n/12 un-
 []


Overfull \hbox (7.46826pt too wide) in paragraph at lines 333--333
\T1/cmr/m/n/12 tuk
 []


Overfull \hbox (5.18411pt too wide) in paragraph at lines 333--333
\T1/cmr/m/n/12 ke-
 []


Overfull \hbox (12.03659pt too wide) in paragraph at lines 333--333
\T1/cmr/m/n/12 nya-
 []


Overfull \hbox (16.27863pt too wide) in paragraph at lines 333--333
\T1/cmr/m/n/12 man-
 []


Overfull \hbox (2.57364pt too wide) in paragraph at lines 333--333
\T1/cmr/m/n/12 an
 []


Overfull \hbox (21.49959pt too wide) in paragraph at lines 333--333
\T1/cmr/m/n/12 meng-
 []


Underfull \hbox (badness 10000) in paragraph at lines 333--333
\T1/cmr/m/n/12 e-
 []


Overfull \hbox (3.22624pt too wide) in paragraph at lines 333--333
\T1/cmr/m/n/12 lo-
 []


Underfull \hbox (badness 10000) in paragraph at lines 333--333
\T1/cmr/m/n/12 la
 []


Overfull \hbox (6.48935pt too wide) in paragraph at lines 333--333
\T1/cmr/m/n/12 da-
 []


Overfull \hbox (17.6491pt too wide) in paragraph at lines 333--333
\T1/cmr/m/n/12 shbo-
 []


Underfull \hbox (badness 10000) in paragraph at lines 333--333
\T1/cmr/m/n/12 a-
 []


Overfull \hbox (1.2684pt too wide) in paragraph at lines 333--333
\T1/cmr/m/n/12 rd| 
 []


Overfull \hbox (22.47432pt too wide) in paragraph at lines 333--333
[]|\T1/cmr/m/n/12 Untuk
 []


Overfull \hbox (21.49959pt too wide) in paragraph at lines 333--333
\T1/cmr/m/n/12 meng-
 []


Overfull \hbox (6.16302pt too wide) in paragraph at lines 333--333
\T1/cmr/m/n/12 ak-
 []


Overfull \hbox (4.662pt too wide) in paragraph at lines 333--333
\T1/cmr/m/n/12 ses
 []


Overfull \hbox (6.48935pt too wide) in paragraph at lines 333--333
\T1/cmr/m/n/12 ha-
 []


Overfull \hbox (13.01552pt too wide) in paragraph at lines 333--333
\T1/cmr/m/n/12 lam-
 []


Overfull \hbox (2.57364pt too wide) in paragraph at lines 333--333
\T1/cmr/m/n/12 an
 []


Overfull \hbox (6.48935pt too wide) in paragraph at lines 333--333
\T1/cmr/m/n/12 da-
 []


Overfull \hbox (17.6491pt too wide) in paragraph at lines 333--333
\T1/cmr/m/n/12 shbo-
 []


Underfull \hbox (badness 10000) in paragraph at lines 333--333
\T1/cmr/m/n/12 a-
 []


Overfull \hbox (1.2684pt too wide) in paragraph at lines 333--333
\T1/cmr/m/n/12 rd| 
 []


Overfull \hbox (44.6327pt too wide) in paragraph at lines 333--333
[]|\T1/cmr/m/n/12 Difasilitasi
 []


Overfull \hbox (11.05768pt too wide) in paragraph at lines 333--333
\T1/cmr/m/n/12 oleh
 []


Overfull \hbox (6.61983pt too wide) in paragraph at lines 333--333
\T1/cmr/m/n/12 sis-
 []


Overfull \hbox (9.75246pt too wide) in paragraph at lines 333--333
\T1/cmr/m/n/12 tem
 []


Overfull \hbox (26.55531pt too wide) in paragraph at lines 333--333
\T1/cmr/m/n/12 Better-
 []


Overfull \hbox (16.60077pt too wide) in paragraph at lines 333--333
\T1/cmr/m/n/12 Auth| 
 []


Overfull \hbox (46.78639pt too wide) in paragraph at lines 333--333
[]|\T1/cmr/m/n/12 Diperlukan
 []


Overfull \hbox (4.59674pt too wide) in paragraph at lines 333--333
\T1/cmr/m/n/12 sa-
 []


Overfull \hbox (0.61578pt too wide) in paragraph at lines 333--333
\T1/cmr/m/n/12 at
 []


Overfull \hbox (9.09984pt too wide) in paragraph at lines 333--333
\T1/cmr/m/n/12 me-
 []


Overfull \hbox (26.06787pt too wide) in paragraph at lines 333--333
\T1/cmr/m/n/12 nyimp-
 []


Overfull \hbox (2.57364pt too wide) in paragraph at lines 333--333
\T1/cmr/m/n/12 an
 []


Overfull \hbox (12.3629pt too wide) in paragraph at lines 333--333
\T1/cmr/m/n/12 kon-
 []


Overfull \hbox (6.48936pt too wide) in paragraph at lines 333--333
\T1/cmr/m/n/12 ten
 []


Overfull \hbox (9.09982pt too wide) in paragraph at lines 333--333
\T1/cmr/m/n/12 dan
 []


Overfull \hbox (21.49959pt too wide) in paragraph at lines 333--333
\T1/cmr/m/n/12 meng-
 []


Overfull \hbox (13.01553pt too wide) in paragraph at lines 333--333
\T1/cmr/m/n/12 ung-
 []


Overfull \hbox (8.4472pt too wide) in paragraph at lines 333--333
\T1/cmr/m/n/12 gah
 []


Overfull \hbox (9.09984pt too wide) in paragraph at lines 333--333
\T1/cmr/m/n/12 me-
 []


Overfull \hbox (5.83672pt too wide) in paragraph at lines 333--333
\T1/cmr/m/n/12 dia
 []


Overfull \hbox (1.2684pt too wide) in paragraph at lines 333--333
\T1/cmr/m/n/12 ke
 []


Overfull \hbox (11.71028pt too wide) in paragraph at lines 333--333
\T1/cmr/m/n/12 Clo-
 []


Overfull \hbox (0.61578pt too wide) in paragraph at lines 333--333
\T1/cmr/m/n/12 u-
 []


Overfull \hbox (3.87886pt too wide) in paragraph at lines 333--333
\T1/cmr/m/n/12 di-
 []


Overfull \hbox (13.34183pt too wide) in paragraph at lines 333--333
\T1/cmr/m/n/12 nary| 
 []

[14]
Overfull \vbox (232.58372pt too high) has occurred while \output is active []


[15]
Overfull \hbox (11.85568pt too wide) in paragraph at lines 357--358
\T1/cmr/m/n/12 Administrator dan Edi-tor meng-e-lo-la se-lu-ruh kon-ten me-la-l
ui ha-lam-an \T1/cmtt/m/n/12 /dashboard
 []

<images/login.png, id=411, 1269.74374pt x 1693.32625pt>
File: images/login.png Graphic file (type png)
<use images/login.png>
Package pdftex.def Info: images/login.png  used on input line 361.
(pdftex.def)             Requested size: 278.83578pt x 371.8353pt.
[16] [17 <d:/Web_Salomallori/Hilirisasi/images/login.png (PNG copy)>]
Bab 4.

Overfull \hbox (14.00757pt too wide) in paragraph at lines 369--369
|\T1/cmr/bx/n/24.88 LANGKAH-LANGKAH PENG-GU-
 []

File: images/beranda.png Graphic file (type png)
<use images/beranda.png>
Package pdftex.def Info: images/beranda.png  used on input line 385.
(pdftex.def)             Requested size: 338.59023pt x 1142.11346pt.
[18

]
Overfull \vbox (491.38313pt too high) has occurred while \output is active []


[19]
<images/sejarah-kelurahan.png, id=440, 1269.74374pt x 3611.4925pt>
File: images/sejarah-kelurahan.png Graphic file (type png)
<use images/sejarah-kelurahan.png>
Package pdftex.def Info: images/sejarah-kelurahan.png  used on input line 404.
(pdftex.def)             Requested size: 179.25114pt x 509.79364pt.
<images/pejabat-kelurahan.png, id=441, 1269.74374pt x 2180.145pt>
File: images/pejabat-kelurahan.png Graphic file (type png)
<use images/pejabat-kelurahan.png>
Package pdftex.def Info: images/pejabat-kelurahan.png  used on input line 409.
(pdftex.def)             Requested size: 179.25114pt x 307.74646pt.
 [20]
<images/infografis.png, id=451, 1269.74374pt x 2690.05pt>
File: images/infografis.png Graphic file (type png)
<use images/infografis.png>
Package pdftex.def Info: images/infografis.png  used on input line 418.
(pdftex.def)             Requested size: 338.59023pt x 717.33397pt.
 [21 <d:/Web_Salomallori/Hilirisasi/images/sejarah-kelurahan.png (PNG copy)> <d
:/Web_Salomallori/Hilirisasi/images/pejabat-kelurahan.png (PNG copy)>]
Overfull \vbox (66.60364pt too high) has occurred while \output is active []


[22 <d:/Web_Salomallori/Hilirisasi/images/infografis.png (PNG copy)>]
<images/berita.png, id=462, 1269.74374pt x 1989.4325pt>
File: images/berita.png Graphic file (type png)
<use images/berita.png>
Package pdftex.def Info: images/berita.png  used on input line 436.
(pdftex.def)             Requested size: 179.25114pt x 280.82573pt.
<images/galeri.png, id=463, 1269.74374pt x 1604.99625pt>
File: images/galeri.png Graphic file (type png)
<use images/galeri.png>
Package pdftex.def Info: images/galeri.png  used on input line 441.
(pdftex.def)             Requested size: 179.25114pt x 226.5592pt.
 [23 <d:/Web_Salomallori/Hilirisasi/images/berita.png (PNG copy)> <d:/Web_Salom
allori/Hilirisasi/images/galeri.png (PNG copy)>]
<images/umkm.png, id=474, 1269.74374pt x 1697.34125pt>
File: images/umkm.png Graphic file (type png)
<use images/umkm.png>
Package pdftex.def Info: images/umkm.png  used on input line 461.
(pdftex.def)             Requested size: 338.59023pt x 452.61632pt.
 [24 <d:/Web_Salomallori/Hilirisasi/images/umkm.png (PNG copy)>]
<images/kontak.png, id=484, 1269.74374pt x 2449.15pt>
File: images/kontak.png Graphic file (type png)
<use images/kontak.png>
Package pdftex.def Info: images/kontak.png  used on input line 478.
(pdftex.def)             Requested size: 338.59023pt x 653.09511pt.
 [25]
Overfull \vbox (2.36478pt too high) has occurred while \output is active []


[26 <d:/Web_Salomallori/Hilirisasi/images/kontak.png (PNG copy)>]
<images/dashboard.png, id=496, 1284.8pt x 1693.32625pt>
File: images/dashboard.png Graphic file (type png)
<use images/dashboard.png>
Package pdftex.def Info: images/dashboard.png  used on input line 497.
(pdftex.def)             Requested size: 338.59023pt x 446.24887pt.
 [27] [28 <d:/Web_Salomallori/Hilirisasi/images/dashboard.png (PNG copy)>]
<images/admin-profil-desa.png, id=511, 1269.74374pt x 1619.04875pt>
File: images/admin-profil-desa.png Graphic file (type png)
<use images/admin-profil-desa.png>
Package pdftex.def Info: images/admin-profil-desa.png  used on input line 526.
(pdftex.def)             Requested size: 338.59023pt x 431.7387pt.
 [29] [30 <d:/Web_Salomallori/Hilirisasi/images/admin-profil-desa.png (PNG copy
)>]
<images/admin-posts.png, id=528, 1269.74374pt x 851.18pt>
File: images/admin-posts.png Graphic file (type png)
<use images/admin-posts.png>
Package pdftex.def Info: images/admin-posts.png  used on input line 548.
(pdftex.def)             Requested size: 179.25114pt x 120.15146pt.
<images/admin-posts-create.png, id=529, 1269.74374pt x 1397.22pt>
File: images/admin-posts-create.png Graphic file (type png)
<use images/admin-posts-create.png>
Package pdftex.def Info: images/admin-posts-create.png  used on input line 553.

(pdftex.def)             Requested size: 179.25114pt x 197.22977pt.
<images/admin-galeri.png, id=530, 1269.74374pt x 851.18pt>
File: images/admin-galeri.png Graphic file (type png)
<use images/admin-galeri.png>
Package pdftex.def Info: images/admin-galeri.png  used on input line 573.
(pdftex.def)             Requested size: 338.59023pt x 226.97731pt.
 [31 <d:/Web_Salomallori/Hilirisasi/images/admin-posts.png (PNG copy)> <d:/Web_
Salomallori/Hilirisasi/images/admin-posts-create.png (PNG copy)>]
<images/admin-umkm.png, id=542, 1269.74374pt x 851.18pt>
File: images/admin-umkm.png Graphic file (type png)
<use images/admin-umkm.png>
Package pdftex.def Info: images/admin-umkm.png  used on input line 591.
(pdftex.def)             Requested size: 338.59023pt x 226.97731pt.
 [32 <d:/Web_Salomallori/Hilirisasi/images/admin-galeri.png (PNG copy)>]
<images/admin-infografis.png, id=552, 1269.74374pt x 851.18pt>
File: images/admin-infografis.png Graphic file (type png)
<use images/admin-infografis.png>
Package pdftex.def Info: images/admin-infografis.png  used on input line 610.
(pdftex.def)             Requested size: 338.59023pt x 226.97731pt.
 [33 <d:/Web_Salomallori/Hilirisasi/images/admin-umkm.png (PNG copy)>]
Overfull \hbox (1.66379pt too wide) in paragraph at lines 615--615
|[]\T1/cmr/bx/n/14.4 Mengelola Kon-tak & Pes-an Ma-suk (Khu-sus Admin)| 
 []

<images/admin-kontak.png, id=563, 1269.74374pt x 1011.78pt>
File: images/admin-kontak.png Graphic file (type png)
<use images/admin-kontak.png>
Package pdftex.def Info: images/admin-kontak.png  used on input line 636.
(pdftex.def)             Requested size: 338.59023pt x 269.80322pt.
[34 <d:/Web_Salomallori/Hilirisasi/images/admin-infografis.png (PNG copy)>]
<images/admin-messages.png, id=571, 1269.74374pt x 851.18pt>
File: images/admin-messages.png Graphic file (type png)
<use images/admin-messages.png>
Package pdftex.def Info: images/admin-messages.png  used on input line 652.
(pdftex.def)             Requested size: 338.59023pt x 226.97731pt.

[35 <d:/Web_Salomallori/Hilirisasi/images/admin-kontak.png (PNG copy)>]
[36 <d:/Web_Salomallori/Hilirisasi/images/admin-messages.png (PNG copy)>]
Bab 5.

Overfull \hbox (11.37608pt too wide) in paragraph at lines 660--660
|\T1/cmr/bx/n/24.88 STUDI KA-SUS / CON-TOH PRAK-
 []


Underfull \hbox (badness 1629) in paragraph at lines 692--692
[]|\T1/cmr/m/n/12 Label sum-bu ka-te-go-ri
 []


Underfull \hbox (badness 2726) in paragraph at lines 692--692
[]|\T1/cmr/m/n/12 Kumpulan da-ta yang
 []


Overfull \hbox (39.73126pt too wide) in paragraph at lines 692--692
[]|\T1/cmtt/m/n/12 datasets[].backgroundColor| 
 []


Underfull \hbox (badness 10000) in paragraph at lines 692--692
[]|\T1/cmr/m/n/12 Warna ba-tang/area
 []

[37

]
File: images/infografis.png Graphic file (type png)
<use images/infografis.png>
Package pdftex.def Info: images/infografis.png  used on input line 697.
(pdftex.def)             Requested size: 338.59023pt x 717.33397pt.
 [38]
Overfull \vbox (66.60364pt too high) has occurred while \output is active []


[39]
File: images/admin-posts-create.png Graphic file (type png)
<use images/admin-posts-create.png>
Package pdftex.def Info: images/admin-posts-create.png  used on input line 730.

(pdftex.def)             Requested size: 179.25114pt x 197.22977pt.
File: images/berita.png Graphic file (type png)
<use images/berita.png>
Package pdftex.def Info: images/berita.png  used on input line 735.
(pdftex.def)             Requested size: 179.25114pt x 280.82573pt.
 [40] [41]
File: images/admin-umkm.png Graphic file (type png)
<use images/admin-umkm.png>
Package pdftex.def Info: images/admin-umkm.png  used on input line 769.
(pdftex.def)             Requested size: 179.25114pt x 120.15146pt.
File: images/umkm.png Graphic file (type png)
<use images/umkm.png>
Package pdftex.def Info: images/umkm.png  used on input line 774.
(pdftex.def)             Requested size: 179.25114pt x 239.5945pt.
 [42]
File: images/admin-profil-desa.png Graphic file (type png)
<use images/admin-profil-desa.png>
Package pdftex.def Info: images/admin-profil-desa.png  used on input line 805.
(pdftex.def)             Requested size: 338.59023pt x 431.7387pt.
 [43] [44]
Bab 6.
[45

] [46]
Overfull \hbox (21.30257pt too wide) in paragraph at lines 862--863
[]\T1/cmr/m/n/12 Tailwind CSS. (2026). \T1/cmr/m/it/12 Ta-i-lwind CSS Do-cu-men
-ta-tion\T1/cmr/m/n/12 . [][]$\T1/cmtt/m/n/12 https : / / tailwindcss .
 []


Overfull \hbox (32.06055pt too wide) in paragraph at lines 863--864
[]\T1/cmr/m/n/12 Better Au-th. (2026). \T1/cmr/m/it/12 Bet-ter Au-th Do-cu-men-
ta-tion\T1/cmr/m/n/12 . [][]$\T1/cmtt/m/n/12 https : / / www . better-[]auth .
 []

[47

]
Lampiran A.

Overfull \hbox (39.52544pt too wide) in paragraph at lines 877--877
|\T1/cmr/bx/n/24.88 LAMPIRAN A: PE-TA \T1/cmr/bx/it/24.88 RO-U-TE MAP-
 []


Overfull \hbox (29.27841pt too wide) in paragraph at lines 877--877
\T1/cmr/bx/it/24.88 PING \T1/cmr/bx/n/24.88 SE-LU-RUH HA-LAM-AN WEB-
 []


Overfull \hbox (10.94623pt too wide) in paragraph at lines 877--877
\T1/cmr/bx/n/24.88 SI-TE PU-BLIK & DAS-BOR ADMIN| 
 []


Overfull \hbox (16.13216pt too wide) in alignment at lines 883--888
 [] [] [] [] 
 []


Overfull \hbox (16.13216pt too wide) in alignment at lines 888--892
 [] [] [] [] 
 []


Overfull \hbox (16.13216pt too wide) in alignment at lines 892--894
 [] [] [] [] 
 []


Overfull \hbox (34.83452pt too wide) in paragraph at lines 897--897
[]|\T1/cmtt/m/n/12 /profil/sejarah-kelurahan| 
 []


Overfull \hbox (34.83452pt too wide) in paragraph at lines 898--898
[]|\T1/cmtt/m/n/12 /profil/pejabat-kelurahan| 
 []


Overfull \hbox (47.1815pt too wide) in paragraph at lines 900--900
[]|\T1/cmtt/m/n/12 /profil/struktur-organisasi| 
 []


Overfull \hbox (16.13216pt too wide) in alignment at lines 894--910
 [] [] [] [] 
 []


Overfull \hbox (16.13216pt too wide) in alignment at lines 914--919
 [] [] [] [] 
 []


Overfull \hbox (16.13216pt too wide) in alignment at lines 919--923
 [] [] [] [] 
 []


Overfull \hbox (16.13216pt too wide) in alignment at lines 923--925
 [] [] [] [] 
 []


Overfull \hbox (16.13216pt too wide) in alignment at lines 925--929
 [] [] [] [] 
 []

[48


]
Overfull \hbox (16.13216pt too wide) in alignment at lines 933--938
 [] [] [] [] 
 []


Overfull \hbox (16.13216pt too wide) in alignment at lines 938--942
 [] [] [] [] 
 []


Overfull \hbox (16.13216pt too wide) in alignment at lines 942--944
 [] [] [] [] 
 []


Overfull \hbox (22.48753pt too wide) in paragraph at lines 947--947
[]|\T1/cmtt/m/n/12 /dashboard/posts/create| 
 []


Overfull \hbox (10.14055pt too wide) in paragraph at lines 948--948
[]|\T1/cmtt/m/n/12 /dashboard/posts/[id]| 
 []


Overfull \hbox (34.83452pt too wide) in paragraph at lines 951--951
[]|\T1/cmtt/m/n/12 /dashboard/umkm/[id]/edit| 
 []


Overfull \hbox (10.14055pt too wide) in paragraph at lines 953--953
[]|\T1/cmtt/m/n/12 /dashboard/wisata/new| 
 []


Overfull \hbox (47.1815pt too wide) in paragraph at lines 954--954
[]|\T1/cmtt/m/n/12 /dashboard/wisata/[id]/edit| 
 []


Overfull \hbox (16.31404pt too wide) in paragraph at lines 956--956
[]|\T1/cmtt/m/n/12 /dashboard/profil-desa| 
 []


Underfull \hbox (badness 1728) in paragraph at lines 956--957
[]|\T1/cmr/m/n/12 Edit pro-fil ke-lu-rah-an &
 []


Overfull \hbox (10.14055pt too wide) in paragraph at lines 957--957
[]|\T1/cmtt/m/n/12 /dashboard/infografis| 
 []


Overfull \hbox (10.14055pt too wide) in paragraph at lines 960--960
[]|\T1/cmtt/m/n/12 /dashboard/categories| 
 []


Underfull \hbox (badness 10000) in paragraph at lines 961--962
[]|\T1/cmr/m/n/12 Manajemen peng-gu-na
 []


Overfull \hbox (16.13216pt too wide) in alignment at lines 944--962
 [] [] [] [] 
 []

[49]
Lampiran B.

Overfull \hbox (4.13216pt too wide) in alignment at lines 970--975
 [] [] [] 
 []


Overfull \hbox (4.13216pt too wide) in alignment at lines 975--979
 [] [] [] 
 []


Overfull \hbox (4.13216pt too wide) in alignment at lines 979--981
 [] [] [] 
 []


Underfull \hbox (badness 10000) in paragraph at lines 982--983
[]|\T1/cmr/m/n/12 id, na-me, ema-il, ro-le
 []


Overfull \hbox (24.48825pt too wide) in paragraph at lines 985--985
[]|\T1/cmtt/m/n/12 breaking_news| 
 []


Overfull \hbox (30.66174pt too wide) in paragraph at lines 988--988
[]|\T1/cmtt/m/n/12 perangkat_desa| 
 []


Underfull \hbox (badness 6236) in paragraph at lines 990--991
\T1/cmr/m/n/12 TA_ALAM/KULINER/BUDAYA), gam-
 []


Overfull \hbox (5.96777pt too wide) in paragraph at lines 992--992
[]|\T1/cmtt/m/n/12 infografis| 
 []


Overfull \hbox (4.13216pt too wide) in alignment at lines 981--994
 [] [] [] 
 []

[50


]
Lampiran C.

Overfull \hbox (7.07285pt too wide) in paragraph at lines 998--998
|\T1/cmr/bx/n/24.88 LAMPIRAN C: PAN-DU-AN DE-SA-
 []

[51


] [52]
Lampiran D.

Underfull \hbox (badness 10000) in paragraph at lines 1067--1067
[]|\T1/cmr/bx/n/12 SSR \T1/cmr/m/n/12 (Server-Side
 []


Underfull \hbox (badness 10000) in paragraph at lines 1069--1069
[]|\T1/cmr/bx/n/12 ORM \T1/cmr/m/n/12 (Object-
 []


Underfull \hbox (badness 3386) in paragraph at lines 1073--1073
[]|\T1/cmr/bx/n/12 RBAC \T1/cmr/m/n/12 (Role-Based
 []

[53


] [54] (d:\Web_Salomallori\Hilirisasi\Modul.aux)
 ***********
LaTeX2e <2026-06-01>
L3 programming layer <2026-05-26>
 ***********


LaTeX Font Warning: Size substitutions with differences
(Font)              up to 0.74pt have occurred.


LaTeX Warning: Label(s) may have changed. Rerun to get cross-references right.

Package rerunfilecheck Info: File `Modul.out' has not changed.
(rerunfilecheck)             Checksum: D8CFB52B1FA08821708CA3900A588A4D;11508.
 ) 
Here is how much of TeX's memory you used:
 15386 strings out of 467509
 247345 string characters out of 5408294
 702063 words of memory out of 5000000
 44137 multiletter control sequences out of 15000+600000
 648348 words of font info for 82 fonts, out of 8000000 for 9000
 1141 hyphenation exceptions out of 8191
 74i,12n,79p,1224b,723s stack positions out of 10000i,1000n,20000p,200000b,200000s
 <C:\Users\LENOVO\AppData\Local\MiKTeX\fonts/pk/ljfour/jknappen/ec/dpi600\ecb
i2488.pk> <C:\Users\LENOVO\AppData\Local\MiKTeX\fonts/pk/ljfour/jknappen/ec/dpi
600\tcti1200.pk> <C:\Users\LENOVO\AppData\Local\MiKTeX\fonts/pk/ljfour/jknappen
/ec/dpi600\ectt1095.pk> <C:\Users\LENOVO\AppData\Local\MiKTeX\fonts/pk/ljfour/j
knappen/ec/dpi600\tcrm1200.pk> <C:\Users\LENOVO\AppData\Local\MiKTeX\fonts/pk/l
jfour/jknappen/ec/dpi600\ecrm1000.pk> <C:\Users\LENOVO\AppData\Local\MiKTeX\fon
ts/pk/ljfour/jknappen/ec/dpi600\ecbx1000.pk> <C:\Users\LENOVO\AppData\Local\MiK
TeX\fonts/pk/ljfour/jknappen/ec/dpi600\ecbi1440.pk> <C:\Users\LENOVO\AppData\Lo
cal\MiKTeX\fonts/pk/ljfour/jknappen/ec/dpi600\ecbi1728.pk> <C:\Users\LENOVO\App
Data\Local\MiKTeX\fonts/pk/ljfour/jknappen/ec/dpi600\tcbx1200.pk> <C:\Users\LEN
OVO\AppData\Local\MiKTeX\fonts/pk/ljfour/jknappen/ec/dpi600\ecbi1200.pk> <C:\Us
ers\LENOVO\AppData\Local\MiKTeX\fonts/pk/ljfour/jknappen/ec/dpi600\ecrm1095.pk>
 <C:\Users\LENOVO\AppData\Local\MiKTeX\fonts/pk/ljfour/jknappen/ec/dpi600\ecbx1
095.pk> <C:\Users\LENOVO\AppData\Local\MiKTeX\fonts/pk/ljfour/jknappen/ec/dpi60
0\ecti1200.pk> <C:\Users\LENOVO\AppData\Local\MiKTeX\fonts/pk/ljfour/jknappen/e
c/dpi600\ecbx2488.pk> <C:\Users\LENOVO\AppData\Local\MiKTeX\fonts/pk/ljfour/jkn
appen/ec/dpi600\ecbx1728.pk> <C:\Users\LENOVO\AppData\Local\MiKTeX\fonts/pk/ljf
our/jknappen/ec/dpi600\ecbx1440.pk> <C:\Users\LENOVO\AppData\Local\MiKTeX\fonts
/pk/ljfour/jknappen/ec/dpi600\ectt1200.pk> <C:\Users\LENOVO\AppData\Local\MiKTe
X\fonts/pk/ljfour/jknappen/ec/dpi600\ecrm1200.pk> <C:\Users\LENOVO\AppData\Loca
l\MiKTeX\fonts/pk/ljfour/jknappen/ec/dpi600\ecbx1200.pk> <C:\Users\LENOVO\AppDa
ta\Local\MiKTeX\fonts/pk/ljfour/jknappen/ec/dpi600\ecrm1440.pk> <C:\Users\LENOV
O\AppData\Local\MiKTeX\fonts/pk/ljfour/jknappen/ec/dpi600\ecbx2074.pk><C:/Users
/LENOVO/AppData/Local/Programs/MiKTeX/fonts/type1/public/amsfonts/symbols/msam1
0.pfb>
Output written on d:\Web_Salomallori\Hilirisasi\Modul.pdf (55 pages, 5252241 by
tes).
PDF statistics:
 1488 PDF objects out of 1728 (max. 8388607)
 269 named destinations out of 1000 (max. 500000)
 435 words of extra memory for PDF output out of 10000 (max. 10000000)

